../Drivers/CMSIS/Include/core_cm4.h:2064:26:ITM_SendChar	16	static,ignoring_inline_asm
../Core/Src/main.c:73:13:W5500_Select	8	static
../Core/Src/main.c:76:13:W5500_Unselect	8	static
../Core/Src/main.c:80:16:W5500_ReadByte	24	static
../Core/Src/main.c:90:13:W5500_WriteByte	16	static
../Core/Src/main.c:94:13:W5500_ReadBuff	32	static
../Core/Src/main.c:105:13:W5500_WriteBuff	16	static
../Core/Src/main.c:109:13:W5500_Reset	8	static
../Core/Src/main.c:116:5:__io_putchar	16	static
../Core/Src/main.c:119:6:w5500_init	112	static
../Core/Src/main.c:186:6:ethertx	48	static
../Core/Src/main.c:222:6:ld	16	static
../Core/Src/main.c:234:5:main	16	static
../Core/Src/main.c:327:6:SystemClock_Config	88	static
../Core/Src/main.c:373:13:MX_SPI2_Init	8	static
../Core/Src/main.c:411:13:MX_GPIO_Init	48	static
../Core/Src/main.c:459:6:StartDefaultTask	16	static
../Core/Src/main.c:474:6:Error_Handler	4	static,ignoring_inline_asm
