../Drivers/CMSIS/Include/core_cm4.h:2064:26:ITM_SendChar	4
../Core/Src/main.c:73:13:W5500_Select	1
../Core/Src/main.c:76:13:W5500_Unselect	1
../Core/Src/main.c:80:16:W5500_ReadByte	1
../Core/Src/main.c:90:13:W5500_WriteByte	1
../Core/Src/main.c:94:13:W5500_ReadBuff	2
../Core/Src/main.c:105:13:W5500_WriteBuff	1
../Core/Src/main.c:109:13:W5500_Reset	1
../Core/Src/main.c:116:5:__io_putchar	1
../Core/Src/main.c:119:6:w5500_init	3
../Core/Src/main.c:186:6:ethertx	6
../Core/Src/main.c:222:6:ld	1
../Core/Src/main.c:234:5:main	2
../Core/Src/main.c:327:6:SystemClock_Config	3
../Core/Src/main.c:373:13:MX_SPI2_Init	2
../Core/Src/main.c:411:13:MX_GPIO_Init	1
../Core/Src/main.c:459:6:StartDefaultTask	1
../Core/Src/main.c:474:6:Error_Handler	1
