../Drivers/CMSIS/Include/core_cm4.h:2064:26:ITM_SendChar	16	static,ignoring_inline_asm
../Core/Src/main.c:79:5:__io_putchar	16	static
../Core/Src/main.c:83:6:RX	24	static
../Core/Src/main.c:101:6:HAL_CAN_RxFifo0MsgPendingCallback	24	static,ignoring_inline_asm
../Core/Src/main.c:121:5:main	16	static
../Core/Src/main.c:218:6:SystemClock_Config	88	static
../Core/Src/main.c:264:13:MX_CAN1_Init	8	static
../Core/Src/main.c:311:13:MX_USART2_UART_Init	8	static
../Core/Src/main.c:344:13:MX_GPIO_Init	24	static
../Core/Src/main.c:377:6:Error_Handler	4	static,ignoring_inline_asm
