../Drivers/CMSIS/Include/core_cm4.h:2064:26:ITM_SendChar	4
../Core/Src/main.c:72:13:W5500_Select	1
../Core/Src/main.c:75:13:W5500_Unselect	1
../Core/Src/main.c:79:16:W5500_ReadByte	1
../Core/Src/main.c:89:13:W5500_WriteByte	1
../Core/Src/main.c:93:13:W5500_ReadBuff	2
../Core/Src/main.c:104:13:W5500_WriteBuff	1
../Core/Src/main.c:108:13:W5500_Reset	1
../Core/Src/main.c:115:5:__io_putchar	1
../Core/Src/main.c:117:6:webserver	8
../Core/Src/main.c:259:6:Ether_init	3
../Core/Src/main.c:330:5:main	2
../Core/Src/main.c:417:6:SystemClock_Config	3
../Core/Src/main.c:463:13:MX_SPI2_Init	2
../Core/Src/main.c:501:13:MX_GPIO_Init	1
../Core/Src/main.c:549:6:StartDefaultTask	1
../Core/Src/main.c:564:6:Error_Handler	1
