../Drivers/CMSIS/Include/core_cm4.h:2064:26:ITM_SendChar	16	static,ignoring_inline_asm
../Core/Src/main.c:72:13:W5500_Select	8	static
../Core/Src/main.c:75:13:W5500_Unselect	8	static
../Core/Src/main.c:79:16:W5500_ReadByte	24	static
../Core/Src/main.c:89:13:W5500_WriteByte	16	static
../Core/Src/main.c:93:13:W5500_ReadBuff	32	static
../Core/Src/main.c:104:13:W5500_WriteBuff	16	static
../Core/Src/main.c:108:13:W5500_Reset	8	static
../Core/Src/main.c:115:5:__io_putchar	16	static
../Core/Src/main.c:117:6:webserver	1648	static
../Core/Src/main.c:259:6:Ether_init	112	static
../Core/Src/main.c:330:5:main	16	static
../Core/Src/main.c:417:6:SystemClock_Config	88	static
../Core/Src/main.c:463:13:MX_SPI2_Init	8	static
../Core/Src/main.c:501:13:MX_GPIO_Init	48	static
../Core/Src/main.c:549:6:StartDefaultTask	16	static
../Core/Src/main.c:564:6:Error_Handler	4	static,ignoring_inline_asm
